107 INFO: PyInstaller: 6.13.0, contrib hooks: 2025.4
107 INFO: Python: 3.12.3
109 INFO: Platform: Linux-5.15.167.4-microsoft-standard-WSL2-x86_64-with-glibc2.39
109 INFO: Python environment: /home/tellis/.venv/3_12_2
110 INFO: wrote /home/tellis/Todo-CLI-App/todo.spec
110 DEBUG: Testing UPX availability ...
133 DEBUG: UPX is not available.
133 INFO: Removing temporary files and cleaning cache in /home/tellis/.cache/pyinstaller
134 DEBUG: script: /home/tellis/Todo-CLI-App/todo.py
134 INFO: Module search paths (PYTHONPATH):
['/usr/lib/python312.zip',
 '/usr/lib/python3.12',
 '/usr/lib/python3.12/lib-dynload',
 '/home/tellis/.venv/3_12_2/lib/python3.12/site-packages',
 '/home/tellis/.venv/3_12_2/lib/python3.12/site-packages/setuptools/_vendor',
 '/home/tellis/Todo-CLI-App']
41 DEBUG: discover_hook_directories: Hook directories: [('/home/tellis/.venv/3_12_2/lib/python3.12/site-packages/_pyinstaller_hooks_contrib/stdhooks', -1000), ('/home/tellis/.venv/3_12_2/lib/python3.12/site-packages/_pyinstaller_hooks_contrib', -1000)]
261 INFO: checking Analysis
261 INFO: Building Analysis because Analysis-00.toc is non existent
261 INFO: Running Analysis Analysis-00.toc
261 INFO: Target bytecode optimization level: 0
261 INFO: Initializing module dependency graph...
262 INFO: Initializing module graph hook caches...
274 INFO: Analyzing modules for base_library.zip ...
274 DEBUG: Collecting submodules for re
31 DEBUG: collect_submodules - scanning (sub)package re
31 DEBUG: collect_submodules - scanning (sub)package re in location(s): ['/usr/lib/python3.12/re']
397 DEBUG: collect_submodules - found submodules: ['re', 're._casefix', 're._compiler', 're._constants', 're._parser']
398 DEBUG: Collecting submodules for encodings
31 DEBUG: collect_submodules - scanning (sub)package encodings
31 DEBUG: collect_submodules - scanning (sub)package encodings in location(s): ['/usr/lib/python3.12/encodings']
507 DEBUG: collect_submodules - found submodules: ['encodings', 'encodings.aliases', 'encodings.ascii', 'encodings.base64_codec', 'encodings.big5', 'encodings.big5hkscs', 'encodings.bz2_codec', 'encodings.charmap', 'encodings.cp037', 'encodings.cp1006', 'encodings.cp1026', 'encodings.cp1125', 'encodings.cp1140', 'encodings.cp1250', 'encodings.cp1251', 'encodings.cp1252', 'encodings.cp1253', 'encodings.cp1254', 'encodings.cp1255', 'encodings.cp1256', 'encodings.cp1257', 'encodings.cp1258', 'encodings.cp273', 'encodings.cp424', 'encodings.cp437', 'encodings.cp500', 'encodings.cp720', 'encodings.cp737', 'encodings.cp775', 'encodings.cp850', 'encodings.cp852', 'encodings.cp855', 'encodings.cp856', 'encodings.cp857', 'encodings.cp858', 'encodings.cp860', 'encodings.cp861', 'encodings.cp862', 'encodings.cp863', 'encodings.cp864', 'encodings.cp865', 'encodings.cp866', 'encodings.cp869', 'encodings.cp874', 'encodings.cp875', 'encodings.cp932', 'encodings.cp949', 'encodings.cp950', 'encodings.euc_jis_2004', 'encodings.euc_jisx0213', 'encodings.euc_jp', 'encodings.euc_kr', 'encodings.gb18030', 'encodings.gb2312', 'encodings.gbk', 'encodings.hex_codec', 'encodings.hp_roman8', 'encodings.hz', 'encodings.idna', 'encodings.iso2022_jp', 'encodings.iso2022_jp_1', 'encodings.iso2022_jp_2', 'encodings.iso2022_jp_2004', 'encodings.iso2022_jp_3', 'encodings.iso2022_jp_ext', 'encodings.iso2022_kr', 'encodings.iso8859_1', 'encodings.iso8859_10', 'encodings.iso8859_11', 'encodings.iso8859_13', 'encodings.iso8859_14', 'encodings.iso8859_15', 'encodings.iso8859_16', 'encodings.iso8859_2', 'encodings.iso8859_3', 'encodings.iso8859_4', 'encodings.iso8859_5', 'encodings.iso8859_6', 'encodings.iso8859_7', 'encodings.iso8859_8', 'encodings.iso8859_9', 'encodings.johab', 'encodings.koi8_r', 'encodings.koi8_t', 'encodings.koi8_u', 'encodings.kz1048', 'encodings.latin_1', 'encodings.mac_arabic', 'encodings.mac_croatian', 'encodings.mac_cyrillic', 'encodings.mac_farsi', 'encodings.mac_greek', 'encodings.mac_iceland', 'encodings.mac_latin2', 'encodings.mac_roman', 'encodings.mac_romanian', 'encodings.mac_turkish', 'encodings.mbcs', 'encodings.oem', 'encodings.palmos', 'encodings.ptcp154', 'encodings.punycode', 'encodings.quopri_codec', 'encodings.raw_unicode_escape', 'encodings.rot_13', 'encodings.shift_jis', 'encodings.shift_jis_2004', 'encodings.shift_jisx0213', 'encodings.tis_620', 'encodings.undefined', 'encodings.unicode_escape', 'encodings.utf_16', 'encodings.utf_16_be', 'encodings.utf_16_le', 'encodings.utf_32', 'encodings.utf_32_be', 'encodings.utf_32_le', 'encodings.utf_7', 'encodings.utf_8', 'encodings.utf_8_sig', 'encodings.uu_codec', 'encodings.zlib_codec']
507 DEBUG: Collecting submodules for collections
32 DEBUG: collect_submodules - scanning (sub)package collections
32 DEBUG: collect_submodules - scanning (sub)package collections in location(s): ['/usr/lib/python3.12/collections']
626 DEBUG: collect_submodules - found submodules: ['collections', 'collections.abc']
635 INFO: Processing standard module hook 'hook-heapq.py' from '/home/tellis/.venv/3_12_2/lib/python3.12/site-packages/PyInstaller/hooks'
636 DEBUG: Suppressing import of 'doctest' from module 'heapq' due to excluded import 'doctest' specified in a hook for 'heapq' (or its parent package(s)).
816 INFO: Processing standard module hook 'hook-encodings.py' from '/home/tellis/.venv/3_12_2/lib/python3.12/site-packages/PyInstaller/hooks'
816 DEBUG: Collecting submodules for encodings
31 DEBUG: collect_submodules - scanning (sub)package encodings
31 DEBUG: collect_submodules - scanning (sub)package encodings in location(s): ['/usr/lib/python3.12/encodings']
933 DEBUG: collect_submodules - found submodules: ['encodings', 'encodings.aliases', 'encodings.ascii', 'encodings.base64_codec', 'encodings.big5', 'encodings.big5hkscs', 'encodings.bz2_codec', 'encodings.charmap', 'encodings.cp037', 'encodings.cp1006', 'encodings.cp1026', 'encodings.cp1125', 'encodings.cp1140', 'encodings.cp1250', 'encodings.cp1251', 'encodings.cp1252', 'encodings.cp1253', 'encodings.cp1254', 'encodings.cp1255', 'encodings.cp1256', 'encodings.cp1257', 'encodings.cp1258', 'encodings.cp273', 'encodings.cp424', 'encodings.cp437', 'encodings.cp500', 'encodings.cp720', 'encodings.cp737', 'encodings.cp775', 'encodings.cp850', 'encodings.cp852', 'encodings.cp855', 'encodings.cp856', 'encodings.cp857', 'encodings.cp858', 'encodings.cp860', 'encodings.cp861', 'encodings.cp862', 'encodings.cp863', 'encodings.cp864', 'encodings.cp865', 'encodings.cp866', 'encodings.cp869', 'encodings.cp874', 'encodings.cp875', 'encodings.cp932', 'encodings.cp949', 'encodings.cp950', 'encodings.euc_jis_2004', 'encodings.euc_jisx0213', 'encodings.euc_jp', 'encodings.euc_kr', 'encodings.gb18030', 'encodings.gb2312', 'encodings.gbk', 'encodings.hex_codec', 'encodings.hp_roman8', 'encodings.hz', 'encodings.idna', 'encodings.iso2022_jp', 'encodings.iso2022_jp_1', 'encodings.iso2022_jp_2', 'encodings.iso2022_jp_2004', 'encodings.iso2022_jp_3', 'encodings.iso2022_jp_ext', 'encodings.iso2022_kr', 'encodings.iso8859_1', 'encodings.iso8859_10', 'encodings.iso8859_11', 'encodings.iso8859_13', 'encodings.iso8859_14', 'encodings.iso8859_15', 'encodings.iso8859_16', 'encodings.iso8859_2', 'encodings.iso8859_3', 'encodings.iso8859_4', 'encodings.iso8859_5', 'encodings.iso8859_6', 'encodings.iso8859_7', 'encodings.iso8859_8', 'encodings.iso8859_9', 'encodings.johab', 'encodings.koi8_r', 'encodings.koi8_t', 'encodings.koi8_u', 'encodings.kz1048', 'encodings.latin_1', 'encodings.mac_arabic', 'encodings.mac_croatian', 'encodings.mac_cyrillic', 'encodings.mac_farsi', 'encodings.mac_greek', 'encodings.mac_iceland', 'encodings.mac_latin2', 'encodings.mac_roman', 'encodings.mac_romanian', 'encodings.mac_turkish', 'encodings.mbcs', 'encodings.oem', 'encodings.palmos', 'encodings.ptcp154', 'encodings.punycode', 'encodings.quopri_codec', 'encodings.raw_unicode_escape', 'encodings.rot_13', 'encodings.shift_jis', 'encodings.shift_jis_2004', 'encodings.shift_jisx0213', 'encodings.tis_620', 'encodings.undefined', 'encodings.unicode_escape', 'encodings.utf_16', 'encodings.utf_16_be', 'encodings.utf_16_le', 'encodings.utf_32', 'encodings.utf_32_be', 'encodings.utf_32_le', 'encodings.utf_7', 'encodings.utf_8', 'encodings.utf_8_sig', 'encodings.uu_codec', 'encodings.zlib_codec']
1911 INFO: Processing standard module hook 'hook-pickle.py' from '/home/tellis/.venv/3_12_2/lib/python3.12/site-packages/PyInstaller/hooks'
1920 DEBUG: Suppressing import of 'doctest' from module 'pickle' due to excluded import 'doctest' specified in a hook for 'pickle' (or its parent package(s)).
1920 DEBUG: Suppressing import of 'argparse' from module 'pickle' due to excluded import 'argparse' specified in a hook for 'pickle' (or its parent package(s)).
2983 INFO: Caching module dependency graph...
3011 INFO: Looking for Python shared library...
3024 INFO: Using Python shared library: /lib/x86_64-linux-gnu/libpython3.12.so
3024 INFO: Analyzing /home/tellis/Todo-CLI-App/todo.py
3236 INFO: Processing module hooks (post-graph stage)...
3242 INFO: Performing binary vs. data reclassification (1 entries)
3259 INFO: Looking for ctypes DLLs
3259 DEBUG: Scanning colorama.win32 for ctypes-based references to shared libraries
3264 INFO: Analyzing run-time hooks ...
3265 INFO: Including run-time hook 'pyi_rth_inspect.py' from '/home/tellis/.venv/3_12_2/lib/python3.12/site-packages/PyInstaller/hooks/rthooks'
3268 DEBUG: Module collection settings: {}
3268 DEBUG: Target optimization level 0 matches run-time optimization level 0 - using modulegraph's code-object cache.
3269 INFO: Creating base_library.zip...
3299 INFO: Looking for dynamic libraries
3301 DEBUG: Analyzing binary '/lib/x86_64-linux-gnu/libpython3.12.so'
3307 DEBUG: Processing dependency, name: 'libz.so.1', resolved path: '/lib/x86_64-linux-gnu/libz.so.1'
3307 DEBUG: Collecting dependency '/lib/x86_64-linux-gnu/libz.so.1' as 'libz.so.1'.
3307 DEBUG: Processing dependency, name: 'libm.so.6', resolved path: '/lib/x86_64-linux-gnu/libm.so.6'
3307 DEBUG: Skipping dependency '/lib/x86_64-linux-gnu/libm.so.6' due to global exclusion rules.
3307 DEBUG: Processing dependency, name: 'libexpat.so.1', resolved path: '/lib/x86_64-linux-gnu/libexpat.so.1'
3307 DEBUG: Collecting dependency '/lib/x86_64-linux-gnu/libexpat.so.1' as 'libexpat.so.1'.
3307 DEBUG: Processing dependency, name: 'libc.so.6', resolved path: '/lib/x86_64-linux-gnu/libc.so.6'
3307 DEBUG: Skipping dependency '/lib/x86_64-linux-gnu/libc.so.6' due to global exclusion rules.
3307 DEBUG: Analyzing binary '/usr/lib/python3.12/lib-dynload/_contextvars.cpython-312-x86_64-linux-gnu.so'
3314 DEBUG: Analyzing binary '/usr/lib/python3.12/lib-dynload/_decimal.cpython-312-x86_64-linux-gnu.so'
3319 DEBUG: Processing dependency, name: 'libc.so.6', resolved path: '/lib/x86_64-linux-gnu/libc.so.6'
3319 DEBUG: Skipping dependency '/lib/x86_64-linux-gnu/libc.so.6' due to global exclusion rules.
3319 DEBUG: Analyzing binary '/usr/lib/python3.12/lib-dynload/_hashlib.cpython-312-x86_64-linux-gnu.so'
3323 DEBUG: Processing dependency, name: 'libcrypto.so.3', resolved path: '/lib/x86_64-linux-gnu/libcrypto.so.3'
3323 DEBUG: Collecting dependency '/lib/x86_64-linux-gnu/libcrypto.so.3' as 'libcrypto.so.3'.
3323 DEBUG: Processing dependency, name: 'libc.so.6', resolved path: '/lib/x86_64-linux-gnu/libc.so.6'
3323 DEBUG: Skipping dependency '/lib/x86_64-linux-gnu/libc.so.6' due to global exclusion rules.
3323 DEBUG: Analyzing binary '/usr/lib/python3.12/lib-dynload/resource.cpython-312-x86_64-linux-gnu.so'
3331 DEBUG: Processing dependency, name: 'libc.so.6', resolved path: '/lib/x86_64-linux-gnu/libc.so.6'
3331 DEBUG: Skipping dependency '/lib/x86_64-linux-gnu/libc.so.6' due to global exclusion rules.
3331 DEBUG: Analyzing binary '/usr/lib/python3.12/lib-dynload/_lzma.cpython-312-x86_64-linux-gnu.so'
3336 DEBUG: Processing dependency, name: 'libc.so.6', resolved path: '/lib/x86_64-linux-gnu/libc.so.6'
3336 DEBUG: Skipping dependency '/lib/x86_64-linux-gnu/libc.so.6' due to global exclusion rules.
3337 DEBUG: Processing dependency, name: 'liblzma.so.5', resolved path: '/lib/x86_64-linux-gnu/liblzma.so.5'
3337 DEBUG: Collecting dependency '/lib/x86_64-linux-gnu/liblzma.so.5' as 'liblzma.so.5'.
3337 DEBUG: Analyzing binary '/usr/lib/python3.12/lib-dynload/_bz2.cpython-312-x86_64-linux-gnu.so'
3341 DEBUG: Processing dependency, name: 'libbz2.so.1.0', resolved path: '/lib/x86_64-linux-gnu/libbz2.so.1.0'
3342 DEBUG: Collecting dependency '/lib/x86_64-linux-gnu/libbz2.so.1.0' as 'libbz2.so.1.0'.
3342 DEBUG: Processing dependency, name: 'libc.so.6', resolved path: '/lib/x86_64-linux-gnu/libc.so.6'
3342 DEBUG: Skipping dependency '/lib/x86_64-linux-gnu/libc.so.6' due to global exclusion rules.
3342 DEBUG: Analyzing binary '/usr/lib/python3.12/lib-dynload/_multibytecodec.cpython-312-x86_64-linux-gnu.so'
3348 DEBUG: Processing dependency, name: 'libc.so.6', resolved path: '/lib/x86_64-linux-gnu/libc.so.6'
3348 DEBUG: Skipping dependency '/lib/x86_64-linux-gnu/libc.so.6' due to global exclusion rules.
3348 DEBUG: Analyzing binary '/usr/lib/python3.12/lib-dynload/_codecs_jp.cpython-312-x86_64-linux-gnu.so'
3353 DEBUG: Processing dependency, name: 'libc.so.6', resolved path: '/lib/x86_64-linux-gnu/libc.so.6'
3353 DEBUG: Skipping dependency '/lib/x86_64-linux-gnu/libc.so.6' due to global exclusion rules.
3353 DEBUG: Analyzing binary '/usr/lib/python3.12/lib-dynload/_codecs_kr.cpython-312-x86_64-linux-gnu.so'
3358 DEBUG: Processing dependency, name: 'libc.so.6', resolved path: '/lib/x86_64-linux-gnu/libc.so.6'
3358 DEBUG: Skipping dependency '/lib/x86_64-linux-gnu/libc.so.6' due to global exclusion rules.
3359 DEBUG: Analyzing binary '/usr/lib/python3.12/lib-dynload/_codecs_iso2022.cpython-312-x86_64-linux-gnu.so'
3364 DEBUG: Processing dependency, name: 'libc.so.6', resolved path: '/lib/x86_64-linux-gnu/libc.so.6'
3364 DEBUG: Skipping dependency '/lib/x86_64-linux-gnu/libc.so.6' due to global exclusion rules.
3364 DEBUG: Analyzing binary '/usr/lib/python3.12/lib-dynload/_codecs_cn.cpython-312-x86_64-linux-gnu.so'
3368 DEBUG: Processing dependency, name: 'libc.so.6', resolved path: '/lib/x86_64-linux-gnu/libc.so.6'
3368 DEBUG: Skipping dependency '/lib/x86_64-linux-gnu/libc.so.6' due to global exclusion rules.
3368 DEBUG: Analyzing binary '/usr/lib/python3.12/lib-dynload/_codecs_tw.cpython-312-x86_64-linux-gnu.so'
3373 DEBUG: Processing dependency, name: 'libc.so.6', resolved path: '/lib/x86_64-linux-gnu/libc.so.6'
3373 DEBUG: Skipping dependency '/lib/x86_64-linux-gnu/libc.so.6' due to global exclusion rules.
3373 DEBUG: Analyzing binary '/usr/lib/python3.12/lib-dynload/_codecs_hk.cpython-312-x86_64-linux-gnu.so'
3379 DEBUG: Processing dependency, name: 'libc.so.6', resolved path: '/lib/x86_64-linux-gnu/libc.so.6'
3379 DEBUG: Skipping dependency '/lib/x86_64-linux-gnu/libc.so.6' due to global exclusion rules.
3379 DEBUG: Analyzing binary '/usr/lib/python3.12/lib-dynload/_ctypes.cpython-312-x86_64-linux-gnu.so'
3383 DEBUG: Processing dependency, name: 'libffi.so.8', resolved path: '/lib/x86_64-linux-gnu/libffi.so.8'
3383 DEBUG: Collecting dependency '/lib/x86_64-linux-gnu/libffi.so.8' as 'libffi.so.8'.
3383 DEBUG: Processing dependency, name: 'libc.so.6', resolved path: '/lib/x86_64-linux-gnu/libc.so.6'
3383 DEBUG: Skipping dependency '/lib/x86_64-linux-gnu/libc.so.6' due to global exclusion rules.
3383 DEBUG: Analyzing binary '/usr/lib/python3.12/lib-dynload/_json.cpython-312-x86_64-linux-gnu.so'
3386 DEBUG: Analyzing binary '/lib/x86_64-linux-gnu/libz.so.1'
3390 DEBUG: Processing dependency, name: 'libc.so.6', resolved path: '/lib/x86_64-linux-gnu/libc.so.6'
3390 DEBUG: Skipping dependency '/lib/x86_64-linux-gnu/libc.so.6' due to global exclusion rules.
3390 DEBUG: Analyzing binary '/lib/x86_64-linux-gnu/libexpat.so.1'
3395 DEBUG: Processing dependency, name: 'libc.so.6', resolved path: '/lib/x86_64-linux-gnu/libc.so.6'
3395 DEBUG: Skipping dependency '/lib/x86_64-linux-gnu/libc.so.6' due to global exclusion rules.
3396 DEBUG: Analyzing binary '/lib/x86_64-linux-gnu/libcrypto.so.3'
3399 DEBUG: Processing dependency, name: 'libc.so.6', resolved path: '/lib/x86_64-linux-gnu/libc.so.6'
3399 DEBUG: Skipping dependency '/lib/x86_64-linux-gnu/libc.so.6' due to global exclusion rules.
3399 DEBUG: Analyzing binary '/lib/x86_64-linux-gnu/liblzma.so.5'
3403 DEBUG: Processing dependency, name: 'libc.so.6', resolved path: '/lib/x86_64-linux-gnu/libc.so.6'
3403 DEBUG: Skipping dependency '/lib/x86_64-linux-gnu/libc.so.6' due to global exclusion rules.
3403 DEBUG: Analyzing binary '/lib/x86_64-linux-gnu/libbz2.so.1.0'
3408 DEBUG: Processing dependency, name: 'libc.so.6', resolved path: '/lib/x86_64-linux-gnu/libc.so.6'
3408 DEBUG: Skipping dependency '/lib/x86_64-linux-gnu/libc.so.6' due to global exclusion rules.
3408 DEBUG: Analyzing binary '/lib/x86_64-linux-gnu/libffi.so.8'
3413 DEBUG: Processing dependency, name: 'libc.so.6', resolved path: '/lib/x86_64-linux-gnu/libc.so.6'
3413 DEBUG: Skipping dependency '/lib/x86_64-linux-gnu/libc.so.6' due to global exclusion rules.
3415 INFO: Warnings written to /home/tellis/Todo-CLI-App/build/todo/warn-todo.txt
3423 INFO: Graph cross-reference written to /home/tellis/Todo-CLI-App/build/todo/xref-todo.html
3428 INFO: Graph drawing written to /home/tellis/Todo-CLI-App/build/todo/graph-todo.dot
3436 INFO: checking PYZ
3436 INFO: Building PYZ because PYZ-00.toc is non existent
3436 INFO: Building PYZ (ZlibArchive) /home/tellis/Todo-CLI-App/build/todo/PYZ-00.pyz
3591 INFO: Building PYZ (ZlibArchive) /home/tellis/Todo-CLI-App/build/todo/PYZ-00.pyz completed successfully.
3598 INFO: checking PKG
3598 INFO: Building PKG because PKG-00.toc is non existent
3598 INFO: Building PKG (CArchive) todo.pkg
3603 DEBUG: Compiling python script/module file /home/tellis/.venv/3_12_2/lib/python3.12/site-packages/PyInstaller/loader/pyiboot01_bootstrap.py
3604 DEBUG: Compiling python script/module file /home/tellis/.venv/3_12_2/lib/python3.12/site-packages/PyInstaller/hooks/rthooks/pyi_rth_inspect.py
3605 DEBUG: Compiling python script/module file /home/tellis/Todo-CLI-App/todo.py
5778 INFO: Building PKG (CArchive) todo.pkg completed successfully.
5778 INFO: Bootloader /home/tellis/.venv/3_12_2/lib/python3.12/site-packages/PyInstaller/bootloader/Linux-64bit-intel/run
5779 INFO: checking EXE
5779 INFO: Building EXE because EXE-00.toc is non existent
5779 INFO: Building EXE from EXE-00.toc
5779 INFO: Copying bootloader EXE to /home/tellis/Todo-CLI-App/dist/Linux/todo
5780 INFO: Appending PKG archive to custom ELF section in EXE
5798 INFO: Building EXE from EXE-00.toc completed successfully.
5800 INFO: Build complete! The results are available in: /home/tellis/Todo-CLI-App/dist/Linux
